// Jest Snapshot v1, https://goo.gl/fbAQLP

exports[`Doc component renders a .Sidebar by default 1`] = `
<nav
  role="navigation"
>
  <div
    className="hamburger-menu"
  >
    <input
      id="hamburger"
      onClick={[Function]}
      type="checkbox"
    />
    <label
      className="hamburger"
      htmlFor="hamburger"
    >
      <span
        className="line"
      />
      <span
        className="line"
      />
      <span
        className="line"
      />
    </label>
  </div>
  <div
    className="menu"
  >
    <div>
      <ul>
        <li>
          <NavCircleButton
            className=""
            tag={[Function]}
            to="/#home"
            type="button"
          >
            <FontAwesomeIcon
              border={false}
              className=""
              fixedWidth={false}
              flip={null}
              icon={
                Object {
                  "icon": Array [
                    576,
                    512,
                    Array [],
                    "f015",
                    "M488 312.7V456c0 13.3-10.7 24-24 24H348c-6.6 0-12-5.4-12-12V356c0-6.6-5.4-12-12-12h-72c-6.6 0-12 5.4-12 12v112c0 6.6-5.4 12-12 12H112c-13.3 0-24-10.7-24-24V312.7c0-3.6 1.6-7 4.4-9.3l188-154.8c4.4-3.6 10.8-3.6 15.3 0l188 154.8c2.7 2.3 4.3 5.7 4.3 9.3zm83.6-60.9L488 182.9V44.4c0-6.6-5.4-12-12-12h-56c-6.6 0-12 5.4-12 12V117l-89.5-73.7c-17.7-14.6-43.3-14.6-61 0L4.4 251.8c-5.1 4.2-5.8 11.8-1.6 16.9l25.5 31c4.2 5.1 11.8 5.8 16.9 1.6l235.2-193.7c4.4-3.6 10.8-3.6 15.3 0l235.2 193.7c5.1 4.2 12.7 3.5 16.9-1.6l25.5-31c4.2-5.2 3.4-12.7-1.7-16.9z",
                  ],
                  "iconName": "home",
                  "prefix": "fas",
                }
              }
              inverse={false}
              listItem={false}
              mask={null}
              pull={null}
              pulse={false}
              rotation={null}
              size={null}
              spin={false}
              symbol={false}
              title=""
              transform={null}
            />
            <br />
            HOME
          </NavCircleButton>
        </li>
        <hr />
        <li>
          <NavCircleButton
            className=""
            tag={[Function]}
            to="/upload-file#add-doc"
            type="button"
          >
            <FontAwesomeIcon
              border={false}
              className=""
              fixedWidth={false}
              flip={null}
              icon={
                Object {
                  "icon": Array [
                    384,
                    512,
                    Array [],
                    "f574",
                    "M224 136V0H24C10.7 0 0 10.7 0 24v464c0 13.3 10.7 24 24 24h336c13.3 0 24-10.7 24-24V160H248c-13.2 0-24-10.8-24-24zm65.18 216.01H224v80c0 8.84-7.16 16-16 16h-32c-8.84 0-16-7.16-16-16v-80H94.82c-14.28 0-21.41-17.29-11.27-27.36l96.42-95.7c6.65-6.61 17.39-6.61 24.04 0l96.42 95.7c10.15 10.07 3.03 27.36-11.25 27.36zM377 105L279.1 7c-4.5-4.5-10.6-7-17-7H256v128h128v-6.1c0-6.3-2.5-12.4-7-16.9z",
                  ],
                  "iconName": "file-upload",
                  "prefix": "fas",
                }
              }
              inverse={false}
              listItem={false}
              mask={null}
              pull={null}
              pulse={false}
              rotation={null}
              size={null}
              spin={false}
              symbol={false}
              title=""
              transform={null}
            />
            <br />
            UPLOAD DOC
          </NavCircleButton>
          <NavCircleButton
            className=""
            tag={[Function]}
            to="/add-product#add-pg"
            type="button"
          >
            <FontAwesomeIcon
              border={false}
              className=""
              fixedWidth={false}
              flip={null}
              icon={
                Object {
                  "icon": Array [
                    640,
                    512,
                    Array [],
                    "f542",
                    "M384 320H256c-17.67 0-32 14.33-32 32v128c0 17.67 14.33 32 32 32h128c17.67 0 32-14.33 32-32V352c0-17.67-14.33-32-32-32zM192 32c0-17.67-14.33-32-32-32H32C14.33 0 0 14.33 0 32v128c0 17.67 14.33 32 32 32h95.72l73.16 128.04C211.98 300.98 232.4 288 256 288h.28L192 175.51V128h224V64H192V32zM608 0H480c-17.67 0-32 14.33-32 32v128c0 17.67 14.33 32 32 32h128c17.67 0 32-14.33 32-32V32c0-17.67-14.33-32-32-32z",
                  ],
                  "iconName": "project-diagram",
                  "prefix": "fas",
                }
              }
              inverse={false}
              listItem={false}
              mask={null}
              pull={null}
              pulse={false}
              rotation={null}
              size={null}
              spin={false}
              symbol={false}
              title=""
              transform={null}
            />
            <br />
            MANAGE PRODUCTS
          </NavCircleButton>
        </li>
      </ul>
    </div>
  </div>
  <div
    className="divider-menu"
  >
    <div
      className="mobile-menu slideDown"
      style={
        Object {
          "display": "none",
        }
      }
    >
      <ul>
        <li>
          <NavCircleButton
            className=""
            onClick={[Function]}
            tag={[Function]}
            to="/#home"
            type="button"
          >
            <FontAwesomeIcon
              border={false}
              className=""
              fixedWidth={false}
              flip={null}
              icon={
                Object {
                  "icon": Array [
                    576,
                    512,
                    Array [],
                    "f015",
                    "M488 312.7V456c0 13.3-10.7 24-24 24H348c-6.6 0-12-5.4-12-12V356c0-6.6-5.4-12-12-12h-72c-6.6 0-12 5.4-12 12v112c0 6.6-5.4 12-12 12H112c-13.3 0-24-10.7-24-24V312.7c0-3.6 1.6-7 4.4-9.3l188-154.8c4.4-3.6 10.8-3.6 15.3 0l188 154.8c2.7 2.3 4.3 5.7 4.3 9.3zm83.6-60.9L488 182.9V44.4c0-6.6-5.4-12-12-12h-56c-6.6 0-12 5.4-12 12V117l-89.5-73.7c-17.7-14.6-43.3-14.6-61 0L4.4 251.8c-5.1 4.2-5.8 11.8-1.6 16.9l25.5 31c4.2 5.1 11.8 5.8 16.9 1.6l235.2-193.7c4.4-3.6 10.8-3.6 15.3 0l235.2 193.7c5.1 4.2 12.7 3.5 16.9-1.6l25.5-31c4.2-5.2 3.4-12.7-1.7-16.9z",
                  ],
                  "iconName": "home",
                  "prefix": "fas",
                }
              }
              inverse={false}
              listItem={false}
              mask={null}
              pull={null}
              pulse={false}
              rotation={null}
              size={null}
              spin={false}
              symbol={false}
              title=""
              transform={null}
            />
            <br />
            HOME
          </NavCircleButton>
        </li>
        <li
          style={
            Object {
              "alignContent": "center ",
              "display": "flex",
              "flexDirection": "row",
              "flexWrap": "wrap",
              "justifyContent": "space-between",
            }
          }
        >
           
        </li>
        <hr />
        <li>
          <NavCircleButton
            className=""
            onClick={[Function]}
            tag={[Function]}
            to="/upload-file#add-doc"
            type="button"
          >
            <FontAwesomeIcon
              border={false}
              className=""
              fixedWidth={false}
              flip={null}
              icon={
                Object {
                  "icon": Array [
                    384,
                    512,
                    Array [],
                    "f574",
                    "M224 136V0H24C10.7 0 0 10.7 0 24v464c0 13.3 10.7 24 24 24h336c13.3 0 24-10.7 24-24V160H248c-13.2 0-24-10.8-24-24zm65.18 216.01H224v80c0 8.84-7.16 16-16 16h-32c-8.84 0-16-7.16-16-16v-80H94.82c-14.28 0-21.41-17.29-11.27-27.36l96.42-95.7c6.65-6.61 17.39-6.61 24.04 0l96.42 95.7c10.15 10.07 3.03 27.36-11.25 27.36zM377 105L279.1 7c-4.5-4.5-10.6-7-17-7H256v128h128v-6.1c0-6.3-2.5-12.4-7-16.9z",
                  ],
                  "iconName": "file-upload",
                  "prefix": "fas",
                }
              }
              inverse={false}
              listItem={false}
              mask={null}
              pull={null}
              pulse={false}
              rotation={null}
              size={null}
              spin={false}
              symbol={false}
              title=""
              transform={null}
            />
            <br />
            UPLOAD DOC
          </NavCircleButton>
          <NavCircleButton
            className=""
            onClick={[Function]}
            tag={[Function]}
            to="/add-product#add-pg"
            type="button"
          >
            <FontAwesomeIcon
              border={false}
              className=""
              fixedWidth={false}
              flip={null}
              icon={
                Object {
                  "icon": Array [
                    640,
                    512,
                    Array [],
                    "f542",
                    "M384 320H256c-17.67 0-32 14.33-32 32v128c0 17.67 14.33 32 32 32h128c17.67 0 32-14.33 32-32V352c0-17.67-14.33-32-32-32zM192 32c0-17.67-14.33-32-32-32H32C14.33 0 0 14.33 0 32v128c0 17.67 14.33 32 32 32h95.72l73.16 128.04C211.98 300.98 232.4 288 256 288h.28L192 175.51V128h224V64H192V32zM608 0H480c-17.67 0-32 14.33-32 32v128c0 17.67 14.33 32 32 32h128c17.67 0 32-14.33 32-32V32c0-17.67-14.33-32-32-32z",
                  ],
                  "iconName": "project-diagram",
                  "prefix": "fas",
                }
              }
              inverse={false}
              listItem={false}
              mask={null}
              pull={null}
              pulse={false}
              rotation={null}
              size={null}
              spin={false}
              symbol={false}
              title=""
              transform={null}
            />
            <br />
            MANAGE PRODUCTS
          </NavCircleButton>
        </li>
      </ul>
    </div>
  </div>
</nav>
`;

exports[`Doc component renders the Sidebar given props 1`] = `
<nav
  role="navigation"
>
  <div
    className="hamburger-menu"
  >
    <input
      id="hamburger"
      onClick={[Function]}
      type="checkbox"
    />
    <label
      className="hamburger"
      htmlFor="hamburger"
    >
      <span
        className="line"
      />
      <span
        className="line"
      />
      <span
        className="line"
      />
    </label>
  </div>
  <div
    className="menu"
  >
    <div>
      <ul>
        <li>
          <NavCircleButton
            className=""
            tag={[Function]}
            to="/#home"
            type="button"
          >
            <FontAwesomeIcon
              border={false}
              className=""
              fixedWidth={false}
              flip={null}
              icon={
                Object {
                  "icon": Array [
                    576,
                    512,
                    Array [],
                    "f015",
                    "M488 312.7V456c0 13.3-10.7 24-24 24H348c-6.6 0-12-5.4-12-12V356c0-6.6-5.4-12-12-12h-72c-6.6 0-12 5.4-12 12v112c0 6.6-5.4 12-12 12H112c-13.3 0-24-10.7-24-24V312.7c0-3.6 1.6-7 4.4-9.3l188-154.8c4.4-3.6 10.8-3.6 15.3 0l188 154.8c2.7 2.3 4.3 5.7 4.3 9.3zm83.6-60.9L488 182.9V44.4c0-6.6-5.4-12-12-12h-56c-6.6 0-12 5.4-12 12V117l-89.5-73.7c-17.7-14.6-43.3-14.6-61 0L4.4 251.8c-5.1 4.2-5.8 11.8-1.6 16.9l25.5 31c4.2 5.1 11.8 5.8 16.9 1.6l235.2-193.7c4.4-3.6 10.8-3.6 15.3 0l235.2 193.7c5.1 4.2 12.7 3.5 16.9-1.6l25.5-31c4.2-5.2 3.4-12.7-1.7-16.9z",
                  ],
                  "iconName": "home",
                  "prefix": "fas",
                }
              }
              inverse={false}
              listItem={false}
              mask={null}
              pull={null}
              pulse={false}
              rotation={null}
              size={null}
              spin={false}
              symbol={false}
              title=""
              transform={null}
            />
            <br />
            HOME
          </NavCircleButton>
        </li>
        <hr />
        <li>
          <NavCircleButton
            className=""
            tag={[Function]}
            to="/upload-file#add-doc"
            type="button"
          >
            <FontAwesomeIcon
              border={false}
              className=""
              fixedWidth={false}
              flip={null}
              icon={
                Object {
                  "icon": Array [
                    384,
                    512,
                    Array [],
                    "f574",
                    "M224 136V0H24C10.7 0 0 10.7 0 24v464c0 13.3 10.7 24 24 24h336c13.3 0 24-10.7 24-24V160H248c-13.2 0-24-10.8-24-24zm65.18 216.01H224v80c0 8.84-7.16 16-16 16h-32c-8.84 0-16-7.16-16-16v-80H94.82c-14.28 0-21.41-17.29-11.27-27.36l96.42-95.7c6.65-6.61 17.39-6.61 24.04 0l96.42 95.7c10.15 10.07 3.03 27.36-11.25 27.36zM377 105L279.1 7c-4.5-4.5-10.6-7-17-7H256v128h128v-6.1c0-6.3-2.5-12.4-7-16.9z",
                  ],
                  "iconName": "file-upload",
                  "prefix": "fas",
                }
              }
              inverse={false}
              listItem={false}
              mask={null}
              pull={null}
              pulse={false}
              rotation={null}
              size={null}
              spin={false}
              symbol={false}
              title=""
              transform={null}
            />
            <br />
            UPLOAD DOC
          </NavCircleButton>
          <NavCircleButton
            className=""
            tag={[Function]}
            to="/add-product#add-pg"
            type="button"
          >
            <FontAwesomeIcon
              border={false}
              className=""
              fixedWidth={false}
              flip={null}
              icon={
                Object {
                  "icon": Array [
                    640,
                    512,
                    Array [],
                    "f542",
                    "M384 320H256c-17.67 0-32 14.33-32 32v128c0 17.67 14.33 32 32 32h128c17.67 0 32-14.33 32-32V352c0-17.67-14.33-32-32-32zM192 32c0-17.67-14.33-32-32-32H32C14.33 0 0 14.33 0 32v128c0 17.67 14.33 32 32 32h95.72l73.16 128.04C211.98 300.98 232.4 288 256 288h.28L192 175.51V128h224V64H192V32zM608 0H480c-17.67 0-32 14.33-32 32v128c0 17.67 14.33 32 32 32h128c17.67 0 32-14.33 32-32V32c0-17.67-14.33-32-32-32z",
                  ],
                  "iconName": "project-diagram",
                  "prefix": "fas",
                }
              }
              inverse={false}
              listItem={false}
              mask={null}
              pull={null}
              pulse={false}
              rotation={null}
              size={null}
              spin={false}
              symbol={false}
              title=""
              transform={null}
            />
            <br />
            MANAGE PRODUCTS
          </NavCircleButton>
        </li>
      </ul>
    </div>
  </div>
  <div
    className="divider-menu"
  >
    <div
      className="mobile-menu slideDown"
      style={
        Object {
          "display": "none",
        }
      }
    >
      <ul>
        <li>
          <NavCircleButton
            className=""
            onClick={[Function]}
            tag={[Function]}
            to="/#home"
            type="button"
          >
            <FontAwesomeIcon
              border={false}
              className=""
              fixedWidth={false}
              flip={null}
              icon={
                Object {
                  "icon": Array [
                    576,
                    512,
                    Array [],
                    "f015",
                    "M488 312.7V456c0 13.3-10.7 24-24 24H348c-6.6 0-12-5.4-12-12V356c0-6.6-5.4-12-12-12h-72c-6.6 0-12 5.4-12 12v112c0 6.6-5.4 12-12 12H112c-13.3 0-24-10.7-24-24V312.7c0-3.6 1.6-7 4.4-9.3l188-154.8c4.4-3.6 10.8-3.6 15.3 0l188 154.8c2.7 2.3 4.3 5.7 4.3 9.3zm83.6-60.9L488 182.9V44.4c0-6.6-5.4-12-12-12h-56c-6.6 0-12 5.4-12 12V117l-89.5-73.7c-17.7-14.6-43.3-14.6-61 0L4.4 251.8c-5.1 4.2-5.8 11.8-1.6 16.9l25.5 31c4.2 5.1 11.8 5.8 16.9 1.6l235.2-193.7c4.4-3.6 10.8-3.6 15.3 0l235.2 193.7c5.1 4.2 12.7 3.5 16.9-1.6l25.5-31c4.2-5.2 3.4-12.7-1.7-16.9z",
                  ],
                  "iconName": "home",
                  "prefix": "fas",
                }
              }
              inverse={false}
              listItem={false}
              mask={null}
              pull={null}
              pulse={false}
              rotation={null}
              size={null}
              spin={false}
              symbol={false}
              title=""
              transform={null}
            />
            <br />
            HOME
          </NavCircleButton>
        </li>
        <li
          style={
            Object {
              "alignContent": "center ",
              "display": "flex",
              "flexDirection": "row",
              "flexWrap": "wrap",
              "justifyContent": "space-between",
            }
          }
        >
           
        </li>
        <hr />
        <li>
          <NavCircleButton
            className=""
            onClick={[Function]}
            tag={[Function]}
            to="/upload-file#add-doc"
            type="button"
          >
            <FontAwesomeIcon
              border={false}
              className=""
              fixedWidth={false}
              flip={null}
              icon={
                Object {
                  "icon": Array [
                    384,
                    512,
                    Array [],
                    "f574",
                    "M224 136V0H24C10.7 0 0 10.7 0 24v464c0 13.3 10.7 24 24 24h336c13.3 0 24-10.7 24-24V160H248c-13.2 0-24-10.8-24-24zm65.18 216.01H224v80c0 8.84-7.16 16-16 16h-32c-8.84 0-16-7.16-16-16v-80H94.82c-14.28 0-21.41-17.29-11.27-27.36l96.42-95.7c6.65-6.61 17.39-6.61 24.04 0l96.42 95.7c10.15 10.07 3.03 27.36-11.25 27.36zM377 105L279.1 7c-4.5-4.5-10.6-7-17-7H256v128h128v-6.1c0-6.3-2.5-12.4-7-16.9z",
                  ],
                  "iconName": "file-upload",
                  "prefix": "fas",
                }
              }
              inverse={false}
              listItem={false}
              mask={null}
              pull={null}
              pulse={false}
              rotation={null}
              size={null}
              spin={false}
              symbol={false}
              title=""
              transform={null}
            />
            <br />
            UPLOAD DOC
          </NavCircleButton>
          <NavCircleButton
            className=""
            onClick={[Function]}
            tag={[Function]}
            to="/add-product#add-pg"
            type="button"
          >
            <FontAwesomeIcon
              border={false}
              className=""
              fixedWidth={false}
              flip={null}
              icon={
                Object {
                  "icon": Array [
                    640,
                    512,
                    Array [],
                    "f542",
                    "M384 320H256c-17.67 0-32 14.33-32 32v128c0 17.67 14.33 32 32 32h128c17.67 0 32-14.33 32-32V352c0-17.67-14.33-32-32-32zM192 32c0-17.67-14.33-32-32-32H32C14.33 0 0 14.33 0 32v128c0 17.67 14.33 32 32 32h95.72l73.16 128.04C211.98 300.98 232.4 288 256 288h.28L192 175.51V128h224V64H192V32zM608 0H480c-17.67 0-32 14.33-32 32v128c0 17.67 14.33 32 32 32h128c17.67 0 32-14.33 32-32V32c0-17.67-14.33-32-32-32z",
                  ],
                  "iconName": "project-diagram",
                  "prefix": "fas",
                }
              }
              inverse={false}
              listItem={false}
              mask={null}
              pull={null}
              pulse={false}
              rotation={null}
              size={null}
              spin={false}
              symbol={false}
              title=""
              transform={null}
            />
            <br />
            MANAGE PRODUCTS
          </NavCircleButton>
        </li>
      </ul>
    </div>
  </div>
</nav>
`;
